// Vitest Snapshot v1, https://vitest.dev/guide/snapshot.html

exports[`Test TopBar Components > Should match the snapshot when assistance is true 1`] = `
{
  "asFragment": [Function],
  "baseElement": <body>
    <div>
      <header
        class="MuiPaper-root MuiPaper-elevation MuiPaper-elevation4 MuiAppBar-root MuiAppBar-colorPrimary MuiAppBar-positionStatic css-1061a19-MuiPaper-root-MuiAppBar-root"
      >
        <div
          class="MuiToolbar-root MuiToolbar-gutters MuiToolbar-regular css-hyum1k-MuiToolbar-root"
        >
          <svg
            aria-labelledby="logo-ipatente-titleID"
            class="css-11jjbyx"
            focusable="false"
            role="img"
            viewBox="0 0 48 48"
          >
            <path
              clip-rule="evenodd"
              d="M38.807 18.843c-.018.032-.041.044-.077.032-9.379 3.896-18.64 9.586-27.788 17.072l-.02.016-.184.151a132.395 132.395 0 0 0-4.577 3.946 23.908 23.908 0 0 0 7.584 5.588c1.495-2.386 3.077-4.614 4.906-6.702a57.994 57.994 0 0 1 7.174-7.103c3.957-3.427 8.476-6.667 13.556-9.726l.147-.088.15-.09.146-.09.016-.01c.44-.26.886-.524 1.335-.783l.288-.167.068-.04.01-.005a61.3 61.3 0 0 1 .49-.281c.108.552.19 1.114.245 1.68h-.004a18.096 18.096 0 0 1-.027 3.866v.014l-.012.095-.006.04-.008.07-.007.059-.008.056-.01.07-.006.048c-.01.077-.022.154-.033.228v.004l-.002.008-.018.114c-.141.88-.347 1.762-.623 2.639-2.866 9.08-12.18 14.353-21.324 12.286a80.543 80.543 0 0 0-3.562 4.928c.3.094.604.184.908.269 7.346 2.15 14.908.595 20.679-3.584C44.15 39.048 48 31.978 48 24.005a24.22 24.22 0 0 0-1.347-7.981 85.175 85.175 0 0 0-7.85 2.82h.004ZM21.502 18.686a136.36 136.36 0 0 0-8.89 3.895l-.03.014-.084.04-.008.005c-.88.424-1.756.856-2.627 1.299l4.518 1.593 1.61.568c.423-.254.848-.505 1.274-.753l.174-.102c.167-.096.331-.192.498-.287l.063-.035.137-.079.153-.086.021-.012.177-.1.012-.006.162-.092.047-.028a123.252 123.252 0 0 1 7.817-4.057L21.5 18.69l.002-.004ZM6.948 32.072l.143-.104.053-.038.106-.074.027-.02.286-.204.157-.112.151-.106.01-.008.131-.095.024-.017.09-.063.025-.018.132-.092.039-.028.03-.02.156-.111.012-.008.147-.102.05-.036.109-.074.09-.063.066-.047.016-.01.441-.305.02-.013.05-.034.11-.075.004-.003.145-.099.01-.006.13-.088.029-.02.159-.108.01-.006.149-.102.146-.098.026-.018.137-.092.01-.006.13-.086.029-.02.16-.108.01-.006.15-.1.05-.036.11-.072.09-.061.07-.047.132-.087.03-.02.16-.105.01-.006.15-.099.052-.033.11-.073.039-.025.108-.07.015-.009.132-.084.03-.02.162-.106.01-.006.152-.098c.398-.256.798-.511 1.198-.76l-1.85-.653-1.547-.546-2.963-1.046A160.199 160.199 0 0 0 .5 29.113a23.99 23.99 0 0 0 2.266 6.139c.992-.786 1.995-1.558 3.01-2.313l.063-.047.132-.096.025-.02.155-.114.016-.01.14-.104.054-.039.043-.031.131-.097.037-.027.13-.094.049-.036.025-.017.157-.114.014-.01v-.01ZM44.86 12.06c-3.11.535-6.221 1.209-9.33 2.02l3.544 1.248a124.222 124.222 0 0 1 6.441-2.032 25.663 25.663 0 0 0-.655-1.236ZM37.114 16.025l-3.803-1.34a122.18 122.18 0 0 0-9.475 3.104l4.8 1.692a123.952 123.952 0 0 1 8.478-3.456ZM43.444 9.853a26.612 26.612 0 0 0-.278-.38h-.02a221.85 221.85 0 0 0-7.41.504l-.074.006-.337.027h-.016l-.029.004-.38.032h-.018l-.015.004-.347.031-.063.006-.126.012-.19.017-.108.01-.082.008-.19.018-.155.014-.035.003-.037.004-.343.032h-.01l-.18.018-.19.017-.056.006-.133.014a223.423 223.423 0 0 0-23.96 3.68 18.167 18.167 0 0 1 21.39-7.138c.594.202 1.17.434 1.727.69 2.937-.297 5.88-.537 8.827-.716l.098-.025a23.74 23.74 0 0 0-8.768-5.325A23.834 23.834 0 0 0 7.942 6.057 23.958 23.958 0 0 0 0 22.233a310.91 310.91 0 0 1 6.915-2.697c1.41-.539 2.823-1.061 4.246-1.564l.018-.006a177.245 177.245 0 0 1 23.2-6.478l.035-.008a172.52 172.52 0 0 1 1.96-.395l.03-.006c2.334-.456 4.676-.862 7.026-1.224h.014v-.002Z"
              fill="#06C"
              fill-rule="evenodd"
            />
            <path
              clip-rule="evenodd"
              d="M22.11 47.9a24.016 24.016 0 0 1-4.57-.866 26.811 26.811 0 0 1-.907-.269 80.605 80.605 0 0 1 3.561-4.928c9.144 2.067 18.459-3.206 21.324-12.286.277-.876.483-1.756.624-2.639l.017-.114v-.007l.002-.004c.01-.077.022-.154.034-.228l.005-.05.01-.068.008-.057.008-.06.008-.066.006-.043.01-.095v-.013c.15-1.299.154-2.594.027-3.865h.004a17.55 17.55 0 0 0-.245-1.682 20.111 20.111 0 0 1-4.289 21.297A20 20 0 0 1 22.11 47.9ZM40.014 6.117l.067.061.055.05c.149.133.298.27.445.408.04.04.08.077.121.116l-.098.025c-2.946.181-5.89.42-8.826.716a18.191 18.191 0 0 0-1.727-.69 18.158 18.158 0 0 0-18.282 3.529 18.242 18.242 0 0 0-3.109 3.61l.061-.015-.09.06A19.713 19.713 0 0 1 22.724 1.713a19.663 19.663 0 0 1 17.292 4.403h-.002Z"
              fill="#036"
              fill-rule="evenodd"
            />
            <title
              id="logo-ipatente-titleID"
            />
          </svg>
          <div
            class="MuiStack-root css-1l9q2wv-MuiStack-root"
          >
            <a
              class="MuiTypography-root MuiTypography-caption MuiLink-root MuiLink-underlineNone css-boo9qj-MuiTypography-root-MuiLink-root"
              href=""
            >
              Il portale dell'automobilista
            </a>
          </div>
          <div
            class="MuiStack-root css-1sos3zc-MuiStack-root"
          >
            <button
              class="MuiButtonBase-root MuiButton-root MuiButton-naked MuiButton-nakedText MuiButton-sizeSmall MuiButton-nakedSizeSmall MuiButton-colorText MuiButton-root MuiButton-naked MuiButton-nakedText MuiButton-sizeSmall MuiButton-nakedSizeSmall MuiButton-colorText css-1bmlfez-MuiButtonBase-root-MuiButton-root"
              tabindex="0"
              type="button"
            >
              <span
                class="MuiButton-icon MuiButton-startIcon MuiButton-iconSizeSmall css-y6rp3m-MuiButton-startIcon"
              >
                <svg
                  aria-hidden="true"
                  class="MuiSvgIcon-root MuiSvgIcon-fontSizeMedium css-i4bv87-MuiSvgIcon-root"
                  data-testid="HelpOutlineRoundedIcon"
                  focusable="false"
                  viewBox="0 0 24 24"
                >
                  <path
                    d="M12 2C6.48 2 2 6.48 2 12s4.48 10 10 10 10-4.48 10-10S17.52 2 12 2m0 18c-4.41 0-8-3.59-8-8s3.59-8 8-8 8 3.59 8 8-3.59 8-8 8m-1-4h2v2h-2zm1.61-9.96c-2.06-.3-3.88.97-4.43 2.79-.18.58.26 1.17.87 1.17h.2c.41 0 .74-.29.88-.67.32-.89 1.27-1.5 2.3-1.28.95.2 1.65 1.13 1.57 2.1-.1 1.34-1.62 1.63-2.45 2.88 0 .01-.01.01-.01.02-.01.02-.02.03-.03.05-.09.15-.18.32-.25.5-.01.03-.03.05-.04.08-.01.02-.01.04-.02.07-.12.34-.2.75-.2 1.25h2c0-.42.11-.77.28-1.07.02-.03.03-.06.05-.09.08-.14.18-.27.28-.39.01-.01.02-.03.03-.04.1-.12.21-.23.33-.34.96-.91 2.26-1.65 1.99-3.56-.24-1.74-1.61-3.21-3.35-3.47"
                  />
                </svg>
              </span>
              Assistenza
            </button>
            <button
              aria-label="Assistenza"
              class="MuiButtonBase-root MuiIconButton-root MuiIconButton-sizeSmall css-mnnzy1-MuiButtonBase-root-MuiIconButton-root"
              tabindex="0"
              type="button"
            >
              <svg
                aria-hidden="true"
                class="MuiSvgIcon-root MuiSvgIcon-fontSizeInherit css-1vooibu-MuiSvgIcon-root"
                data-testid="HelpOutlineRoundedIcon"
                focusable="false"
                viewBox="0 0 24 24"
              >
                <path
                  d="M12 2C6.48 2 2 6.48 2 12s4.48 10 10 10 10-4.48 10-10S17.52 2 12 2m0 18c-4.41 0-8-3.59-8-8s3.59-8 8-8 8 3.59 8 8-3.59 8-8 8m-1-4h2v2h-2zm1.61-9.96c-2.06-.3-3.88.97-4.43 2.79-.18.58.26 1.17.87 1.17h.2c.41 0 .74-.29.88-.67.32-.89 1.27-1.5 2.3-1.28.95.2 1.65 1.13 1.57 2.1-.1 1.34-1.62 1.63-2.45 2.88 0 .01-.01.01-.01.02-.01.02-.02.03-.03.05-.09.15-.18.32-.25.5-.01.03-.03.05-.04.08-.01.02-.01.04-.02.07-.12.34-.2.75-.2 1.25h2c0-.42.11-.77.28-1.07.02-.03.03-.06.05-.09.08-.14.18-.27.28-.39.01-.01.02-.03.03-.04.1-.12.21-.23.33-.34.96-.91 2.26-1.65 1.99-3.56-.24-1.74-1.61-3.21-3.35-3.47"
                />
              </svg>
              <span
                class="MuiTouchRipple-root css-8je8zh-MuiTouchRipple-root"
              />
            </button>
          </div>
        </div>
      </header>
    </div>
  </body>,
  "container": <div>
    <header
      class="MuiPaper-root MuiPaper-elevation MuiPaper-elevation4 MuiAppBar-root MuiAppBar-colorPrimary MuiAppBar-positionStatic css-1061a19-MuiPaper-root-MuiAppBar-root"
    >
      <div
        class="MuiToolbar-root MuiToolbar-gutters MuiToolbar-regular css-hyum1k-MuiToolbar-root"
      >
        <svg
          aria-labelledby="logo-ipatente-titleID"
          class="css-11jjbyx"
          focusable="false"
          role="img"
          viewBox="0 0 48 48"
        >
          <path
            clip-rule="evenodd"
            d="M38.807 18.843c-.018.032-.041.044-.077.032-9.379 3.896-18.64 9.586-27.788 17.072l-.02.016-.184.151a132.395 132.395 0 0 0-4.577 3.946 23.908 23.908 0 0 0 7.584 5.588c1.495-2.386 3.077-4.614 4.906-6.702a57.994 57.994 0 0 1 7.174-7.103c3.957-3.427 8.476-6.667 13.556-9.726l.147-.088.15-.09.146-.09.016-.01c.44-.26.886-.524 1.335-.783l.288-.167.068-.04.01-.005a61.3 61.3 0 0 1 .49-.281c.108.552.19 1.114.245 1.68h-.004a18.096 18.096 0 0 1-.027 3.866v.014l-.012.095-.006.04-.008.07-.007.059-.008.056-.01.07-.006.048c-.01.077-.022.154-.033.228v.004l-.002.008-.018.114c-.141.88-.347 1.762-.623 2.639-2.866 9.08-12.18 14.353-21.324 12.286a80.543 80.543 0 0 0-3.562 4.928c.3.094.604.184.908.269 7.346 2.15 14.908.595 20.679-3.584C44.15 39.048 48 31.978 48 24.005a24.22 24.22 0 0 0-1.347-7.981 85.175 85.175 0 0 0-7.85 2.82h.004ZM21.502 18.686a136.36 136.36 0 0 0-8.89 3.895l-.03.014-.084.04-.008.005c-.88.424-1.756.856-2.627 1.299l4.518 1.593 1.61.568c.423-.254.848-.505 1.274-.753l.174-.102c.167-.096.331-.192.498-.287l.063-.035.137-.079.153-.086.021-.012.177-.1.012-.006.162-.092.047-.028a123.252 123.252 0 0 1 7.817-4.057L21.5 18.69l.002-.004ZM6.948 32.072l.143-.104.053-.038.106-.074.027-.02.286-.204.157-.112.151-.106.01-.008.131-.095.024-.017.09-.063.025-.018.132-.092.039-.028.03-.02.156-.111.012-.008.147-.102.05-.036.109-.074.09-.063.066-.047.016-.01.441-.305.02-.013.05-.034.11-.075.004-.003.145-.099.01-.006.13-.088.029-.02.159-.108.01-.006.149-.102.146-.098.026-.018.137-.092.01-.006.13-.086.029-.02.16-.108.01-.006.15-.1.05-.036.11-.072.09-.061.07-.047.132-.087.03-.02.16-.105.01-.006.15-.099.052-.033.11-.073.039-.025.108-.07.015-.009.132-.084.03-.02.162-.106.01-.006.152-.098c.398-.256.798-.511 1.198-.76l-1.85-.653-1.547-.546-2.963-1.046A160.199 160.199 0 0 0 .5 29.113a23.99 23.99 0 0 0 2.266 6.139c.992-.786 1.995-1.558 3.01-2.313l.063-.047.132-.096.025-.02.155-.114.016-.01.14-.104.054-.039.043-.031.131-.097.037-.027.13-.094.049-.036.025-.017.157-.114.014-.01v-.01ZM44.86 12.06c-3.11.535-6.221 1.209-9.33 2.02l3.544 1.248a124.222 124.222 0 0 1 6.441-2.032 25.663 25.663 0 0 0-.655-1.236ZM37.114 16.025l-3.803-1.34a122.18 122.18 0 0 0-9.475 3.104l4.8 1.692a123.952 123.952 0 0 1 8.478-3.456ZM43.444 9.853a26.612 26.612 0 0 0-.278-.38h-.02a221.85 221.85 0 0 0-7.41.504l-.074.006-.337.027h-.016l-.029.004-.38.032h-.018l-.015.004-.347.031-.063.006-.126.012-.19.017-.108.01-.082.008-.19.018-.155.014-.035.003-.037.004-.343.032h-.01l-.18.018-.19.017-.056.006-.133.014a223.423 223.423 0 0 0-23.96 3.68 18.167 18.167 0 0 1 21.39-7.138c.594.202 1.17.434 1.727.69 2.937-.297 5.88-.537 8.827-.716l.098-.025a23.74 23.74 0 0 0-8.768-5.325A23.834 23.834 0 0 0 7.942 6.057 23.958 23.958 0 0 0 0 22.233a310.91 310.91 0 0 1 6.915-2.697c1.41-.539 2.823-1.061 4.246-1.564l.018-.006a177.245 177.245 0 0 1 23.2-6.478l.035-.008a172.52 172.52 0 0 1 1.96-.395l.03-.006c2.334-.456 4.676-.862 7.026-1.224h.014v-.002Z"
            fill="#06C"
            fill-rule="evenodd"
          />
          <path
            clip-rule="evenodd"
            d="M22.11 47.9a24.016 24.016 0 0 1-4.57-.866 26.811 26.811 0 0 1-.907-.269 80.605 80.605 0 0 1 3.561-4.928c9.144 2.067 18.459-3.206 21.324-12.286.277-.876.483-1.756.624-2.639l.017-.114v-.007l.002-.004c.01-.077.022-.154.034-.228l.005-.05.01-.068.008-.057.008-.06.008-.066.006-.043.01-.095v-.013c.15-1.299.154-2.594.027-3.865h.004a17.55 17.55 0 0 0-.245-1.682 20.111 20.111 0 0 1-4.289 21.297A20 20 0 0 1 22.11 47.9ZM40.014 6.117l.067.061.055.05c.149.133.298.27.445.408.04.04.08.077.121.116l-.098.025c-2.946.181-5.89.42-8.826.716a18.191 18.191 0 0 0-1.727-.69 18.158 18.158 0 0 0-18.282 3.529 18.242 18.242 0 0 0-3.109 3.61l.061-.015-.09.06A19.713 19.713 0 0 1 22.724 1.713a19.663 19.663 0 0 1 17.292 4.403h-.002Z"
            fill="#036"
            fill-rule="evenodd"
          />
          <title
            id="logo-ipatente-titleID"
          />
        </svg>
        <div
          class="MuiStack-root css-1l9q2wv-MuiStack-root"
        >
          <a
            class="MuiTypography-root MuiTypography-caption MuiLink-root MuiLink-underlineNone css-boo9qj-MuiTypography-root-MuiLink-root"
            href=""
          >
            Il portale dell'automobilista
          </a>
        </div>
        <div
          class="MuiStack-root css-1sos3zc-MuiStack-root"
        >
          <button
            class="MuiButtonBase-root MuiButton-root MuiButton-naked MuiButton-nakedText MuiButton-sizeSmall MuiButton-nakedSizeSmall MuiButton-colorText MuiButton-root MuiButton-naked MuiButton-nakedText MuiButton-sizeSmall MuiButton-nakedSizeSmall MuiButton-colorText css-1bmlfez-MuiButtonBase-root-MuiButton-root"
            tabindex="0"
            type="button"
          >
            <span
              class="MuiButton-icon MuiButton-startIcon MuiButton-iconSizeSmall css-y6rp3m-MuiButton-startIcon"
            >
              <svg
                aria-hidden="true"
                class="MuiSvgIcon-root MuiSvgIcon-fontSizeMedium css-i4bv87-MuiSvgIcon-root"
                data-testid="HelpOutlineRoundedIcon"
                focusable="false"
                viewBox="0 0 24 24"
              >
                <path
                  d="M12 2C6.48 2 2 6.48 2 12s4.48 10 10 10 10-4.48 10-10S17.52 2 12 2m0 18c-4.41 0-8-3.59-8-8s3.59-8 8-8 8 3.59 8 8-3.59 8-8 8m-1-4h2v2h-2zm1.61-9.96c-2.06-.3-3.88.97-4.43 2.79-.18.58.26 1.17.87 1.17h.2c.41 0 .74-.29.88-.67.32-.89 1.27-1.5 2.3-1.28.95.2 1.65 1.13 1.57 2.1-.1 1.34-1.62 1.63-2.45 2.88 0 .01-.01.01-.01.02-.01.02-.02.03-.03.05-.09.15-.18.32-.25.5-.01.03-.03.05-.04.08-.01.02-.01.04-.02.07-.12.34-.2.75-.2 1.25h2c0-.42.11-.77.28-1.07.02-.03.03-.06.05-.09.08-.14.18-.27.28-.39.01-.01.02-.03.03-.04.1-.12.21-.23.33-.34.96-.91 2.26-1.65 1.99-3.56-.24-1.74-1.61-3.21-3.35-3.47"
                />
              </svg>
            </span>
            Assistenza
          </button>
          <button
            aria-label="Assistenza"
            class="MuiButtonBase-root MuiIconButton-root MuiIconButton-sizeSmall css-mnnzy1-MuiButtonBase-root-MuiIconButton-root"
            tabindex="0"
            type="button"
          >
            <svg
              aria-hidden="true"
              class="MuiSvgIcon-root MuiSvgIcon-fontSizeInherit css-1vooibu-MuiSvgIcon-root"
              data-testid="HelpOutlineRoundedIcon"
              focusable="false"
              viewBox="0 0 24 24"
            >
              <path
                d="M12 2C6.48 2 2 6.48 2 12s4.48 10 10 10 10-4.48 10-10S17.52 2 12 2m0 18c-4.41 0-8-3.59-8-8s3.59-8 8-8 8 3.59 8 8-3.59 8-8 8m-1-4h2v2h-2zm1.61-9.96c-2.06-.3-3.88.97-4.43 2.79-.18.58.26 1.17.87 1.17h.2c.41 0 .74-.29.88-.67.32-.89 1.27-1.5 2.3-1.28.95.2 1.65 1.13 1.57 2.1-.1 1.34-1.62 1.63-2.45 2.88 0 .01-.01.01-.01.02-.01.02-.02.03-.03.05-.09.15-.18.32-.25.5-.01.03-.03.05-.04.08-.01.02-.01.04-.02.07-.12.34-.2.75-.2 1.25h2c0-.42.11-.77.28-1.07.02-.03.03-.06.05-.09.08-.14.18-.27.28-.39.01-.01.02-.03.03-.04.1-.12.21-.23.33-.34.96-.91 2.26-1.65 1.99-3.56-.24-1.74-1.61-3.21-3.35-3.47"
              />
            </svg>
            <span
              class="MuiTouchRipple-root css-8je8zh-MuiTouchRipple-root"
            />
          </button>
        </div>
      </div>
    </header>
  </div>,
  "debug": [Function],
  "findAllByAltText": [Function],
  "findAllByDisplayValue": [Function],
  "findAllByLabelText": [Function],
  "findAllByPlaceholderText": [Function],
  "findAllByRole": [Function],
  "findAllByTestId": [Function],
  "findAllByText": [Function],
  "findAllByTitle": [Function],
  "findByAltText": [Function],
  "findByDisplayValue": [Function],
  "findByLabelText": [Function],
  "findByPlaceholderText": [Function],
  "findByRole": [Function],
  "findByTestId": [Function],
  "findByText": [Function],
  "findByTitle": [Function],
  "getAllByAltText": [Function],
  "getAllByDisplayValue": [Function],
  "getAllByLabelText": [Function],
  "getAllByPlaceholderText": [Function],
  "getAllByRole": [Function],
  "getAllByTestId": [Function],
  "getAllByText": [Function],
  "getAllByTitle": [Function],
  "getByAltText": [Function],
  "getByDisplayValue": [Function],
  "getByLabelText": [Function],
  "getByPlaceholderText": [Function],
  "getByRole": [Function],
  "getByTestId": [Function],
  "getByText": [Function],
  "getByTitle": [Function],
  "queryAllByAltText": [Function],
  "queryAllByDisplayValue": [Function],
  "queryAllByLabelText": [Function],
  "queryAllByPlaceholderText": [Function],
  "queryAllByRole": [Function],
  "queryAllByTestId": [Function],
  "queryAllByText": [Function],
  "queryAllByTitle": [Function],
  "queryByAltText": [Function],
  "queryByDisplayValue": [Function],
  "queryByLabelText": [Function],
  "queryByPlaceholderText": [Function],
  "queryByRole": [Function],
  "queryByTestId": [Function],
  "queryByText": [Function],
  "queryByTitle": [Function],
  "rerender": [Function],
  "unmount": [Function],
}
`;

exports[`Test TopBar Components > Should match the snapshot with default props 1`] = `
{
  "asFragment": [Function],
  "baseElement": <body>
    <div>
      <header
        class="MuiPaper-root MuiPaper-elevation MuiPaper-elevation4 MuiAppBar-root MuiAppBar-colorPrimary MuiAppBar-positionStatic css-1061a19-MuiPaper-root-MuiAppBar-root"
      >
        <div
          class="MuiToolbar-root MuiToolbar-gutters MuiToolbar-regular css-hyum1k-MuiToolbar-root"
        >
          <svg
            aria-labelledby="logo-ipatente-titleID"
            class="css-11jjbyx"
            focusable="false"
            role="img"
            viewBox="0 0 48 48"
          >
            <path
              clip-rule="evenodd"
              d="M38.807 18.843c-.018.032-.041.044-.077.032-9.379 3.896-18.64 9.586-27.788 17.072l-.02.016-.184.151a132.395 132.395 0 0 0-4.577 3.946 23.908 23.908 0 0 0 7.584 5.588c1.495-2.386 3.077-4.614 4.906-6.702a57.994 57.994 0 0 1 7.174-7.103c3.957-3.427 8.476-6.667 13.556-9.726l.147-.088.15-.09.146-.09.016-.01c.44-.26.886-.524 1.335-.783l.288-.167.068-.04.01-.005a61.3 61.3 0 0 1 .49-.281c.108.552.19 1.114.245 1.68h-.004a18.096 18.096 0 0 1-.027 3.866v.014l-.012.095-.006.04-.008.07-.007.059-.008.056-.01.07-.006.048c-.01.077-.022.154-.033.228v.004l-.002.008-.018.114c-.141.88-.347 1.762-.623 2.639-2.866 9.08-12.18 14.353-21.324 12.286a80.543 80.543 0 0 0-3.562 4.928c.3.094.604.184.908.269 7.346 2.15 14.908.595 20.679-3.584C44.15 39.048 48 31.978 48 24.005a24.22 24.22 0 0 0-1.347-7.981 85.175 85.175 0 0 0-7.85 2.82h.004ZM21.502 18.686a136.36 136.36 0 0 0-8.89 3.895l-.03.014-.084.04-.008.005c-.88.424-1.756.856-2.627 1.299l4.518 1.593 1.61.568c.423-.254.848-.505 1.274-.753l.174-.102c.167-.096.331-.192.498-.287l.063-.035.137-.079.153-.086.021-.012.177-.1.012-.006.162-.092.047-.028a123.252 123.252 0 0 1 7.817-4.057L21.5 18.69l.002-.004ZM6.948 32.072l.143-.104.053-.038.106-.074.027-.02.286-.204.157-.112.151-.106.01-.008.131-.095.024-.017.09-.063.025-.018.132-.092.039-.028.03-.02.156-.111.012-.008.147-.102.05-.036.109-.074.09-.063.066-.047.016-.01.441-.305.02-.013.05-.034.11-.075.004-.003.145-.099.01-.006.13-.088.029-.02.159-.108.01-.006.149-.102.146-.098.026-.018.137-.092.01-.006.13-.086.029-.02.16-.108.01-.006.15-.1.05-.036.11-.072.09-.061.07-.047.132-.087.03-.02.16-.105.01-.006.15-.099.052-.033.11-.073.039-.025.108-.07.015-.009.132-.084.03-.02.162-.106.01-.006.152-.098c.398-.256.798-.511 1.198-.76l-1.85-.653-1.547-.546-2.963-1.046A160.199 160.199 0 0 0 .5 29.113a23.99 23.99 0 0 0 2.266 6.139c.992-.786 1.995-1.558 3.01-2.313l.063-.047.132-.096.025-.02.155-.114.016-.01.14-.104.054-.039.043-.031.131-.097.037-.027.13-.094.049-.036.025-.017.157-.114.014-.01v-.01ZM44.86 12.06c-3.11.535-6.221 1.209-9.33 2.02l3.544 1.248a124.222 124.222 0 0 1 6.441-2.032 25.663 25.663 0 0 0-.655-1.236ZM37.114 16.025l-3.803-1.34a122.18 122.18 0 0 0-9.475 3.104l4.8 1.692a123.952 123.952 0 0 1 8.478-3.456ZM43.444 9.853a26.612 26.612 0 0 0-.278-.38h-.02a221.85 221.85 0 0 0-7.41.504l-.074.006-.337.027h-.016l-.029.004-.38.032h-.018l-.015.004-.347.031-.063.006-.126.012-.19.017-.108.01-.082.008-.19.018-.155.014-.035.003-.037.004-.343.032h-.01l-.18.018-.19.017-.056.006-.133.014a223.423 223.423 0 0 0-23.96 3.68 18.167 18.167 0 0 1 21.39-7.138c.594.202 1.17.434 1.727.69 2.937-.297 5.88-.537 8.827-.716l.098-.025a23.74 23.74 0 0 0-8.768-5.325A23.834 23.834 0 0 0 7.942 6.057 23.958 23.958 0 0 0 0 22.233a310.91 310.91 0 0 1 6.915-2.697c1.41-.539 2.823-1.061 4.246-1.564l.018-.006a177.245 177.245 0 0 1 23.2-6.478l.035-.008a172.52 172.52 0 0 1 1.96-.395l.03-.006c2.334-.456 4.676-.862 7.026-1.224h.014v-.002Z"
              fill="#06C"
              fill-rule="evenodd"
            />
            <path
              clip-rule="evenodd"
              d="M22.11 47.9a24.016 24.016 0 0 1-4.57-.866 26.811 26.811 0 0 1-.907-.269 80.605 80.605 0 0 1 3.561-4.928c9.144 2.067 18.459-3.206 21.324-12.286.277-.876.483-1.756.624-2.639l.017-.114v-.007l.002-.004c.01-.077.022-.154.034-.228l.005-.05.01-.068.008-.057.008-.06.008-.066.006-.043.01-.095v-.013c.15-1.299.154-2.594.027-3.865h.004a17.55 17.55 0 0 0-.245-1.682 20.111 20.111 0 0 1-4.289 21.297A20 20 0 0 1 22.11 47.9ZM40.014 6.117l.067.061.055.05c.149.133.298.27.445.408.04.04.08.077.121.116l-.098.025c-2.946.181-5.89.42-8.826.716a18.191 18.191 0 0 0-1.727-.69 18.158 18.158 0 0 0-18.282 3.529 18.242 18.242 0 0 0-3.109 3.61l.061-.015-.09.06A19.713 19.713 0 0 1 22.724 1.713a19.663 19.663 0 0 1 17.292 4.403h-.002Z"
              fill="#036"
              fill-rule="evenodd"
            />
            <title
              id="logo-ipatente-titleID"
            />
          </svg>
          <div
            class="MuiStack-root css-1l9q2wv-MuiStack-root"
          >
            <a
              class="MuiTypography-root MuiTypography-caption MuiLink-root MuiLink-underlineNone css-boo9qj-MuiTypography-root-MuiLink-root"
              href=""
            >
              Il portale dell'automobilista
            </a>
          </div>
        </div>
      </header>
    </div>
  </body>,
  "container": <div>
    <header
      class="MuiPaper-root MuiPaper-elevation MuiPaper-elevation4 MuiAppBar-root MuiAppBar-colorPrimary MuiAppBar-positionStatic css-1061a19-MuiPaper-root-MuiAppBar-root"
    >
      <div
        class="MuiToolbar-root MuiToolbar-gutters MuiToolbar-regular css-hyum1k-MuiToolbar-root"
      >
        <svg
          aria-labelledby="logo-ipatente-titleID"
          class="css-11jjbyx"
          focusable="false"
          role="img"
          viewBox="0 0 48 48"
        >
          <path
            clip-rule="evenodd"
            d="M38.807 18.843c-.018.032-.041.044-.077.032-9.379 3.896-18.64 9.586-27.788 17.072l-.02.016-.184.151a132.395 132.395 0 0 0-4.577 3.946 23.908 23.908 0 0 0 7.584 5.588c1.495-2.386 3.077-4.614 4.906-6.702a57.994 57.994 0 0 1 7.174-7.103c3.957-3.427 8.476-6.667 13.556-9.726l.147-.088.15-.09.146-.09.016-.01c.44-.26.886-.524 1.335-.783l.288-.167.068-.04.01-.005a61.3 61.3 0 0 1 .49-.281c.108.552.19 1.114.245 1.68h-.004a18.096 18.096 0 0 1-.027 3.866v.014l-.012.095-.006.04-.008.07-.007.059-.008.056-.01.07-.006.048c-.01.077-.022.154-.033.228v.004l-.002.008-.018.114c-.141.88-.347 1.762-.623 2.639-2.866 9.08-12.18 14.353-21.324 12.286a80.543 80.543 0 0 0-3.562 4.928c.3.094.604.184.908.269 7.346 2.15 14.908.595 20.679-3.584C44.15 39.048 48 31.978 48 24.005a24.22 24.22 0 0 0-1.347-7.981 85.175 85.175 0 0 0-7.85 2.82h.004ZM21.502 18.686a136.36 136.36 0 0 0-8.89 3.895l-.03.014-.084.04-.008.005c-.88.424-1.756.856-2.627 1.299l4.518 1.593 1.61.568c.423-.254.848-.505 1.274-.753l.174-.102c.167-.096.331-.192.498-.287l.063-.035.137-.079.153-.086.021-.012.177-.1.012-.006.162-.092.047-.028a123.252 123.252 0 0 1 7.817-4.057L21.5 18.69l.002-.004ZM6.948 32.072l.143-.104.053-.038.106-.074.027-.02.286-.204.157-.112.151-.106.01-.008.131-.095.024-.017.09-.063.025-.018.132-.092.039-.028.03-.02.156-.111.012-.008.147-.102.05-.036.109-.074.09-.063.066-.047.016-.01.441-.305.02-.013.05-.034.11-.075.004-.003.145-.099.01-.006.13-.088.029-.02.159-.108.01-.006.149-.102.146-.098.026-.018.137-.092.01-.006.13-.086.029-.02.16-.108.01-.006.15-.1.05-.036.11-.072.09-.061.07-.047.132-.087.03-.02.16-.105.01-.006.15-.099.052-.033.11-.073.039-.025.108-.07.015-.009.132-.084.03-.02.162-.106.01-.006.152-.098c.398-.256.798-.511 1.198-.76l-1.85-.653-1.547-.546-2.963-1.046A160.199 160.199 0 0 0 .5 29.113a23.99 23.99 0 0 0 2.266 6.139c.992-.786 1.995-1.558 3.01-2.313l.063-.047.132-.096.025-.02.155-.114.016-.01.14-.104.054-.039.043-.031.131-.097.037-.027.13-.094.049-.036.025-.017.157-.114.014-.01v-.01ZM44.86 12.06c-3.11.535-6.221 1.209-9.33 2.02l3.544 1.248a124.222 124.222 0 0 1 6.441-2.032 25.663 25.663 0 0 0-.655-1.236ZM37.114 16.025l-3.803-1.34a122.18 122.18 0 0 0-9.475 3.104l4.8 1.692a123.952 123.952 0 0 1 8.478-3.456ZM43.444 9.853a26.612 26.612 0 0 0-.278-.38h-.02a221.85 221.85 0 0 0-7.41.504l-.074.006-.337.027h-.016l-.029.004-.38.032h-.018l-.015.004-.347.031-.063.006-.126.012-.19.017-.108.01-.082.008-.19.018-.155.014-.035.003-.037.004-.343.032h-.01l-.18.018-.19.017-.056.006-.133.014a223.423 223.423 0 0 0-23.96 3.68 18.167 18.167 0 0 1 21.39-7.138c.594.202 1.17.434 1.727.69 2.937-.297 5.88-.537 8.827-.716l.098-.025a23.74 23.74 0 0 0-8.768-5.325A23.834 23.834 0 0 0 7.942 6.057 23.958 23.958 0 0 0 0 22.233a310.91 310.91 0 0 1 6.915-2.697c1.41-.539 2.823-1.061 4.246-1.564l.018-.006a177.245 177.245 0 0 1 23.2-6.478l.035-.008a172.52 172.52 0 0 1 1.96-.395l.03-.006c2.334-.456 4.676-.862 7.026-1.224h.014v-.002Z"
            fill="#06C"
            fill-rule="evenodd"
          />
          <path
            clip-rule="evenodd"
            d="M22.11 47.9a24.016 24.016 0 0 1-4.57-.866 26.811 26.811 0 0 1-.907-.269 80.605 80.605 0 0 1 3.561-4.928c9.144 2.067 18.459-3.206 21.324-12.286.277-.876.483-1.756.624-2.639l.017-.114v-.007l.002-.004c.01-.077.022-.154.034-.228l.005-.05.01-.068.008-.057.008-.06.008-.066.006-.043.01-.095v-.013c.15-1.299.154-2.594.027-3.865h.004a17.55 17.55 0 0 0-.245-1.682 20.111 20.111 0 0 1-4.289 21.297A20 20 0 0 1 22.11 47.9ZM40.014 6.117l.067.061.055.05c.149.133.298.27.445.408.04.04.08.077.121.116l-.098.025c-2.946.181-5.89.42-8.826.716a18.191 18.191 0 0 0-1.727-.69 18.158 18.158 0 0 0-18.282 3.529 18.242 18.242 0 0 0-3.109 3.61l.061-.015-.09.06A19.713 19.713 0 0 1 22.724 1.713a19.663 19.663 0 0 1 17.292 4.403h-.002Z"
            fill="#036"
            fill-rule="evenodd"
          />
          <title
            id="logo-ipatente-titleID"
          />
        </svg>
        <div
          class="MuiStack-root css-1l9q2wv-MuiStack-root"
        >
          <a
            class="MuiTypography-root MuiTypography-caption MuiLink-root MuiLink-underlineNone css-boo9qj-MuiTypography-root-MuiLink-root"
            href=""
          >
            Il portale dell'automobilista
          </a>
        </div>
      </div>
    </header>
  </div>,
  "debug": [Function],
  "findAllByAltText": [Function],
  "findAllByDisplayValue": [Function],
  "findAllByLabelText": [Function],
  "findAllByPlaceholderText": [Function],
  "findAllByRole": [Function],
  "findAllByTestId": [Function],
  "findAllByText": [Function],
  "findAllByTitle": [Function],
  "findByAltText": [Function],
  "findByDisplayValue": [Function],
  "findByLabelText": [Function],
  "findByPlaceholderText": [Function],
  "findByRole": [Function],
  "findByTestId": [Function],
  "findByText": [Function],
  "findByTitle": [Function],
  "getAllByAltText": [Function],
  "getAllByDisplayValue": [Function],
  "getAllByLabelText": [Function],
  "getAllByPlaceholderText": [Function],
  "getAllByRole": [Function],
  "getAllByTestId": [Function],
  "getAllByText": [Function],
  "getAllByTitle": [Function],
  "getByAltText": [Function],
  "getByDisplayValue": [Function],
  "getByLabelText": [Function],
  "getByPlaceholderText": [Function],
  "getByRole": [Function],
  "getByTestId": [Function],
  "getByText": [Function],
  "getByTitle": [Function],
  "queryAllByAltText": [Function],
  "queryAllByDisplayValue": [Function],
  "queryAllByLabelText": [Function],
  "queryAllByPlaceholderText": [Function],
  "queryAllByRole": [Function],
  "queryAllByTestId": [Function],
  "queryAllByText": [Function],
  "queryAllByTitle": [Function],
  "queryByAltText": [Function],
  "queryByDisplayValue": [Function],
  "queryByLabelText": [Function],
  "queryByPlaceholderText": [Function],
  "queryByRole": [Function],
  "queryByTestId": [Function],
  "queryByText": [Function],
  "queryByTitle": [Function],
  "rerender": [Function],
  "unmount": [Function],
}
`;
