// Vitest Snapshot v1, https://vitest.dev/guide/snapshot.html

exports[`Test CardInfo Component > Should match the snapshot with all props 1`] = `
{
  "asFragment": [Function],
  "baseElement": <body>
    <div>
      <div
        class="MuiPaper-root MuiPaper-elevation MuiPaper-rounded MuiPaper-elevation1 MuiCard-root css-tjaq38-MuiPaper-root-MuiCard-root"
        data-testid="io-ipatente-card-info"
      >
        <div
          class="MuiCardContent-root css-2awovp-MuiCardContent-root"
        >
          <div
            class="MuiStack-root css-ke8ruz-MuiStack-root"
          >
            <svg
              aria-hidden="true"
              class="MuiSvgIcon-root MuiSvgIcon-fontSizeInherit css-1vooibu-MuiSvgIcon-root"
              data-testid="VerifiedUserIcon"
              focusable="false"
              viewBox="0 0 24 24"
            >
              <path
                d="M12 1 3 5v6c0 5.55 3.84 10.74 9 12 5.16-1.26 9-6.45 9-12V5zm-2 16-4-4 1.41-1.41L10 14.17l6.59-6.59L18 9z"
              />
            </svg>
            <p
              class="MuiTypography-root MuiTypography-body1 css-cjx14g-MuiTypography-root"
              data-testid="io-ipatente-card-info-title"
            >
              sample-title
            </p>
          </div>
          <div
            class="MuiStack-root css-tm4a66-MuiStack-root"
          >
            <div
              data-testid="sample-top-content"
            >
              top-content
            </div>
            <ul
              class="MuiList-root MuiList-padding css-eui95f-MuiList-root"
              data-testid="io-ipatente-card-info-items"
            >
              <li
                class="MuiListItem-root MuiListItem-gutters css-1nxmd3h-MuiListItem-root"
              >
                <div
                  class="MuiListItemText-root MuiListItemText-multiline css-konndc-MuiListItemText-root"
                >
                  <p
                    class="MuiTypography-root MuiTypography-body1 css-1yc420i-MuiTypography-root"
                    data-testid="io-ipatente-card-info-item-0-label"
                  >
                    label-1
                  </p>
                  <p
                    class="MuiTypography-root MuiTypography-body1 css-cjx14g-MuiTypography-root"
                    data-testid="io-ipatente-card-info-item-0-value"
                  >
                    value-1
                  </p>
                </div>
              </li>
              <hr
                class="MuiDivider-root MuiDivider-fullWidth css-a0txjx-MuiDivider-root"
              />
              <li
                class="MuiListItem-root MuiListItem-gutters css-1nxmd3h-MuiListItem-root"
              >
                <div
                  class="MuiListItemText-root MuiListItemText-multiline css-konndc-MuiListItemText-root"
                >
                  <p
                    class="MuiTypography-root MuiTypography-body1 css-1yc420i-MuiTypography-root"
                    data-testid="io-ipatente-card-info-item-1-label"
                  >
                    label-2
                  </p>
                  <div
                    class="MuiChip-root MuiChip-filled MuiChip-sizeSmall MuiChip-colorSuccess MuiChip-filledSuccess css-txuvm7-MuiChip-root"
                  >
                    <svg
                      aria-hidden="true"
                      class="MuiSvgIcon-root MuiSvgIcon-fontSizeMedium MuiChip-icon MuiChip-iconSmall MuiChip-iconColorSuccess css-i4bv87-MuiSvgIcon-root"
                      data-testid="CheckCircleIcon"
                      focusable="false"
                      viewBox="0 0 24 24"
                    >
                      <path
                        d="M12 2C6.48 2 2 6.48 2 12s4.48 10 10 10 10-4.48 10-10S17.52 2 12 2m-2 15-5-5 1.41-1.41L10 14.17l7.59-7.59L19 8z"
                      />
                    </svg>
                    <span
                      class="MuiChip-label MuiChip-labelSmall css-wjsjww-MuiChip-label"
                    >
                      custom-label
                    </span>
                  </div>
                </div>
              </li>
              <hr
                class="MuiDivider-root MuiDivider-fullWidth css-a0txjx-MuiDivider-root"
              />
              <li
                class="MuiListItem-root MuiListItem-gutters css-1nxmd3h-MuiListItem-root"
              >
                <div
                  class="MuiListItemText-root MuiListItemText-multiline css-konndc-MuiListItemText-root"
                >
                  <p
                    class="MuiTypography-root MuiTypography-body1 css-1yc420i-MuiTypography-root"
                    data-testid="io-ipatente-card-info-item-2-label"
                  >
                    label-3
                  </p>
                  <p
                    class="MuiTypography-root MuiTypography-body1 css-cjx14g-MuiTypography-root"
                    data-testid="io-ipatente-card-info-item-2-value"
                  >
                    value-3
                  </p>
                </div>
              </li>
              <span
                class="MuiTypography-root MuiTypography-caption css-rb72w1-MuiTypography-root"
                data-testid="io-ipatente-card-info-item-2-footer-text"
              >
                sample-footer-text
              </span>
            </ul>
            <div
              data-testid="sample-bottom-content"
            >
              bottom-content
            </div>
          </div>
        </div>
      </div>
    </div>
  </body>,
  "container": <div>
    <div
      class="MuiPaper-root MuiPaper-elevation MuiPaper-rounded MuiPaper-elevation1 MuiCard-root css-tjaq38-MuiPaper-root-MuiCard-root"
      data-testid="io-ipatente-card-info"
    >
      <div
        class="MuiCardContent-root css-2awovp-MuiCardContent-root"
      >
        <div
          class="MuiStack-root css-ke8ruz-MuiStack-root"
        >
          <svg
            aria-hidden="true"
            class="MuiSvgIcon-root MuiSvgIcon-fontSizeInherit css-1vooibu-MuiSvgIcon-root"
            data-testid="VerifiedUserIcon"
            focusable="false"
            viewBox="0 0 24 24"
          >
            <path
              d="M12 1 3 5v6c0 5.55 3.84 10.74 9 12 5.16-1.26 9-6.45 9-12V5zm-2 16-4-4 1.41-1.41L10 14.17l6.59-6.59L18 9z"
            />
          </svg>
          <p
            class="MuiTypography-root MuiTypography-body1 css-cjx14g-MuiTypography-root"
            data-testid="io-ipatente-card-info-title"
          >
            sample-title
          </p>
        </div>
        <div
          class="MuiStack-root css-tm4a66-MuiStack-root"
        >
          <div
            data-testid="sample-top-content"
          >
            top-content
          </div>
          <ul
            class="MuiList-root MuiList-padding css-eui95f-MuiList-root"
            data-testid="io-ipatente-card-info-items"
          >
            <li
              class="MuiListItem-root MuiListItem-gutters css-1nxmd3h-MuiListItem-root"
            >
              <div
                class="MuiListItemText-root MuiListItemText-multiline css-konndc-MuiListItemText-root"
              >
                <p
                  class="MuiTypography-root MuiTypography-body1 css-1yc420i-MuiTypography-root"
                  data-testid="io-ipatente-card-info-item-0-label"
                >
                  label-1
                </p>
                <p
                  class="MuiTypography-root MuiTypography-body1 css-cjx14g-MuiTypography-root"
                  data-testid="io-ipatente-card-info-item-0-value"
                >
                  value-1
                </p>
              </div>
            </li>
            <hr
              class="MuiDivider-root MuiDivider-fullWidth css-a0txjx-MuiDivider-root"
            />
            <li
              class="MuiListItem-root MuiListItem-gutters css-1nxmd3h-MuiListItem-root"
            >
              <div
                class="MuiListItemText-root MuiListItemText-multiline css-konndc-MuiListItemText-root"
              >
                <p
                  class="MuiTypography-root MuiTypography-body1 css-1yc420i-MuiTypography-root"
                  data-testid="io-ipatente-card-info-item-1-label"
                >
                  label-2
                </p>
                <div
                  class="MuiChip-root MuiChip-filled MuiChip-sizeSmall MuiChip-colorSuccess MuiChip-filledSuccess css-txuvm7-MuiChip-root"
                >
                  <svg
                    aria-hidden="true"
                    class="MuiSvgIcon-root MuiSvgIcon-fontSizeMedium MuiChip-icon MuiChip-iconSmall MuiChip-iconColorSuccess css-i4bv87-MuiSvgIcon-root"
                    data-testid="CheckCircleIcon"
                    focusable="false"
                    viewBox="0 0 24 24"
                  >
                    <path
                      d="M12 2C6.48 2 2 6.48 2 12s4.48 10 10 10 10-4.48 10-10S17.52 2 12 2m-2 15-5-5 1.41-1.41L10 14.17l7.59-7.59L19 8z"
                    />
                  </svg>
                  <span
                    class="MuiChip-label MuiChip-labelSmall css-wjsjww-MuiChip-label"
                  >
                    custom-label
                  </span>
                </div>
              </div>
            </li>
            <hr
              class="MuiDivider-root MuiDivider-fullWidth css-a0txjx-MuiDivider-root"
            />
            <li
              class="MuiListItem-root MuiListItem-gutters css-1nxmd3h-MuiListItem-root"
            >
              <div
                class="MuiListItemText-root MuiListItemText-multiline css-konndc-MuiListItemText-root"
              >
                <p
                  class="MuiTypography-root MuiTypography-body1 css-1yc420i-MuiTypography-root"
                  data-testid="io-ipatente-card-info-item-2-label"
                >
                  label-3
                </p>
                <p
                  class="MuiTypography-root MuiTypography-body1 css-cjx14g-MuiTypography-root"
                  data-testid="io-ipatente-card-info-item-2-value"
                >
                  value-3
                </p>
              </div>
            </li>
            <span
              class="MuiTypography-root MuiTypography-caption css-rb72w1-MuiTypography-root"
              data-testid="io-ipatente-card-info-item-2-footer-text"
            >
              sample-footer-text
            </span>
          </ul>
          <div
            data-testid="sample-bottom-content"
          >
            bottom-content
          </div>
        </div>
      </div>
    </div>
  </div>,
  "debug": [Function],
  "findAllByAltText": [Function],
  "findAllByDisplayValue": [Function],
  "findAllByLabelText": [Function],
  "findAllByPlaceholderText": [Function],
  "findAllByRole": [Function],
  "findAllByTestId": [Function],
  "findAllByText": [Function],
  "findAllByTitle": [Function],
  "findByAltText": [Function],
  "findByDisplayValue": [Function],
  "findByLabelText": [Function],
  "findByPlaceholderText": [Function],
  "findByRole": [Function],
  "findByTestId": [Function],
  "findByText": [Function],
  "findByTitle": [Function],
  "getAllByAltText": [Function],
  "getAllByDisplayValue": [Function],
  "getAllByLabelText": [Function],
  "getAllByPlaceholderText": [Function],
  "getAllByRole": [Function],
  "getAllByTestId": [Function],
  "getAllByText": [Function],
  "getAllByTitle": [Function],
  "getByAltText": [Function],
  "getByDisplayValue": [Function],
  "getByLabelText": [Function],
  "getByPlaceholderText": [Function],
  "getByRole": [Function],
  "getByTestId": [Function],
  "getByText": [Function],
  "getByTitle": [Function],
  "queryAllByAltText": [Function],
  "queryAllByDisplayValue": [Function],
  "queryAllByLabelText": [Function],
  "queryAllByPlaceholderText": [Function],
  "queryAllByRole": [Function],
  "queryAllByTestId": [Function],
  "queryAllByText": [Function],
  "queryAllByTitle": [Function],
  "queryByAltText": [Function],
  "queryByDisplayValue": [Function],
  "queryByLabelText": [Function],
  "queryByPlaceholderText": [Function],
  "queryByRole": [Function],
  "queryByTestId": [Function],
  "queryByText": [Function],
  "queryByTitle": [Function],
  "rerender": [Function],
  "unmount": [Function],
}
`;
