// Vitest Snapshot v1, https://vitest.dev/guide/snapshot.html

exports[`Test Dialog Component > Should match the snapshot with all props 1`] = `
{
  "asFragment": [Function],
  "baseElement": <body
    style="padding-right: 1024px; overflow: hidden;"
  >
    <div
      aria-hidden="true"
    />
    <div
      class="MuiDialog-root MuiModal-root css-zw3mfo-MuiModal-root-MuiDialog-root"
      role="presentation"
    >
      <div
        aria-hidden="true"
        class="MuiBackdrop-root MuiModal-backdrop css-yiavyu-MuiBackdrop-root-MuiDialog-backdrop"
        style="opacity: 1; webkit-transition: opacity 225ms cubic-bezier(0.4, 0, 0.2, 1) 0ms; transition: opacity 225ms cubic-bezier(0.4, 0, 0.2, 1) 0ms;"
      />
      <div
        data-testid="sentinelStart"
        tabindex="0"
      />
      <div
        class="MuiDialog-container MuiDialog-scrollPaper css-hz1bth-MuiDialog-container"
        role="presentation"
        style="opacity: 1; webkit-transition: opacity 225ms cubic-bezier(0.4, 0, 0.2, 1) 0ms; transition: opacity 225ms cubic-bezier(0.4, 0, 0.2, 1) 0ms;"
        tabindex="-1"
      >
        <div
          aria-labelledby=":r0:"
          class="MuiPaper-root MuiPaper-elevation MuiPaper-rounded MuiPaper-elevation24 MuiDialog-paper MuiDialog-paperScrollPaper MuiDialog-paperWidthMd MuiDialog-paperFullWidth css-rnmm7m-MuiPaper-root-MuiDialog-paper"
          role="dialog"
        >
          <div
            class="MuiTypography-root MuiTypography-h6 MuiDialogTitle-root css-p98fqf-MuiTypography-root-MuiDialogTitle-root"
            id=":r0:"
          >
            <h6
              class="MuiTypography-root MuiTypography-h6 css-2ulfj5-MuiTypography-root"
            >
              Dialog Test
            </h6>
            <button
              class="MuiButtonBase-root MuiIconButton-root MuiIconButton-sizeMedium css-djcg5u-MuiButtonBase-root-MuiIconButton-root"
              tabindex="0"
              type="button"
            >
              <svg
                aria-hidden="true"
                class="MuiSvgIcon-root MuiSvgIcon-colorPrimary MuiSvgIcon-fontSizeSmall css-1bptiuh-MuiSvgIcon-root"
                focusable="false"
                viewBox="0 0 24 24"
              >
                <path
                  d="M16.0431 12L16.8516 11.1916C17.9653 10.0778 17.9653 8.26221 16.8516 7.14845C15.7378 6.03469 13.9222 6.03469 12.8084 7.14845L12 7.95689L11.1916 7.14845C10.0778 6.03469 8.26221 6.03469 7.14845 7.14845C6.03469 8.26221 6.03469 10.0778 7.14845 11.1916L7.95689 12L7.14845 12.8084C6.03469 13.9222 6.03469 15.7378 7.14845 16.8516L8.64 15.36L7.14845 16.8516C7.71488 17.418 8.45074 17.6894 9.17 17.6894C9.88926 17.6894 10.6251 17.418 11.1916 16.8516L10.1316 15.7916L11.1916 16.8516L12 16.0431L12.8084 16.8516C13.3749 17.418 14.1107 17.6894 14.83 17.6894C15.5493 17.6894 16.2851 17.418 16.8516 16.8516L15.36 15.36L16.8516 16.8516C17.9653 15.7378 17.9653 13.9222 16.8516 12.8084L16.0431 12ZM4.10938 12C4.10938 7.65498 7.65498 4.10938 12 4.10938C16.345 4.10938 19.8906 7.65498 19.8906 12C19.8906 16.345 16.345 19.8906 12 19.8906C7.65498 19.8906 4.10938 16.345 4.10938 12Z"
                  fill="currentColor"
                  stroke="currentColor"
                  stroke-width="4.21875"
                />
              </svg>
              <span
                class="MuiTouchRipple-root css-8je8zh-MuiTouchRipple-root"
              />
            </button>
          </div>
          <div
            class="MuiDialogContent-root MuiDialogContent-dividers css-1t4vnk2-MuiDialogContent-root"
          >
            <div
              class="MuiStack-root css-v2woy3-MuiStack-root"
            >
              <div
                class="MuiStack-root css-163ljxj-MuiStack-root"
              >
                <svg
                  aria-hidden="true"
                  class="MuiSvgIcon-root MuiSvgIcon-fontSizeLarge css-tzssek-MuiSvgIcon-root"
                  focusable="false"
                  viewBox="0 0 48 48"
                >
                  <path
                    d="M0 24C0 10.7452 10.7452 0 24 0C37.2548 0 48 10.7452 48 24C48 37.2548 37.2548 48 24 48C10.7452 48 0 37.2548 0 24Z"
                    fill="#E6F9EF"
                  />
                  <path
                    d="M24.5715 14.5713C19.0615 14.5713 14.5715 19.0613 14.5715 24.5713C14.5715 30.0813 19.0615 34.5713 24.5715 34.5713C30.0815 34.5713 34.5715 30.0813 34.5715 24.5713C34.5715 19.0613 30.0815 14.5713 24.5715 14.5713ZM29.3515 22.2713L23.6815 27.9413C23.5415 28.0813 23.3515 28.1613 23.1515 28.1613C22.9515 28.1613 22.7615 28.0813 22.6215 27.9413L19.7915 25.1113C19.5015 24.8213 19.5015 24.3413 19.7915 24.0513C20.0815 23.7613 20.5615 23.7613 20.8515 24.0513L23.1515 26.3513L28.2915 21.2113C28.5815 20.9213 29.0615 20.9213 29.3515 21.2113C29.6415 21.5013 29.6415 21.9713 29.3515 22.2713Z"
                    fill="#1D7748"
                  />
                </svg>
              </div>
              <p
                class="MuiTypography-root MuiTypography-body1 css-1uwgr7b-MuiTypography-root"
              >
                Lorem ipsum dolor sit amet, consectetur adipiscing elit, sed do eiusmod tempor incididunt ut labore et dolore magna aliqua. Ut enim ad minim veniam, quis nostrud exercitation ullamco laboris nisi ut aliquip ex ea commodo consequat. Duis aute irure dolor in reprehenderit in voluptate velit esse cillum dolore eu fugiat nulla pariatur. Excepteur sint occaecat cupidatat non proident, sunt in culpa qui officia deserunt mollit anim id est laborum.
              </p>
            </div>
          </div>
        </div>
      </div>
      <div
        data-testid="sentinelEnd"
        tabindex="0"
      />
    </div>
  </body>,
  "container": <div
    aria-hidden="true"
  />,
  "debug": [Function],
  "findAllByAltText": [Function],
  "findAllByDisplayValue": [Function],
  "findAllByLabelText": [Function],
  "findAllByPlaceholderText": [Function],
  "findAllByRole": [Function],
  "findAllByTestId": [Function],
  "findAllByText": [Function],
  "findAllByTitle": [Function],
  "findByAltText": [Function],
  "findByDisplayValue": [Function],
  "findByLabelText": [Function],
  "findByPlaceholderText": [Function],
  "findByRole": [Function],
  "findByTestId": [Function],
  "findByText": [Function],
  "findByTitle": [Function],
  "getAllByAltText": [Function],
  "getAllByDisplayValue": [Function],
  "getAllByLabelText": [Function],
  "getAllByPlaceholderText": [Function],
  "getAllByRole": [Function],
  "getAllByTestId": [Function],
  "getAllByText": [Function],
  "getAllByTitle": [Function],
  "getByAltText": [Function],
  "getByDisplayValue": [Function],
  "getByLabelText": [Function],
  "getByPlaceholderText": [Function],
  "getByRole": [Function],
  "getByTestId": [Function],
  "getByText": [Function],
  "getByTitle": [Function],
  "queryAllByAltText": [Function],
  "queryAllByDisplayValue": [Function],
  "queryAllByLabelText": [Function],
  "queryAllByPlaceholderText": [Function],
  "queryAllByRole": [Function],
  "queryAllByTestId": [Function],
  "queryAllByText": [Function],
  "queryAllByTitle": [Function],
  "queryByAltText": [Function],
  "queryByDisplayValue": [Function],
  "queryByLabelText": [Function],
  "queryByPlaceholderText": [Function],
  "queryByRole": [Function],
  "queryByTestId": [Function],
  "queryByText": [Function],
  "queryByTitle": [Function],
  "rerender": [Function],
  "unmount": [Function],
}
`;
