// Vitest Snapshot v1, https://vitest.dev/guide/snapshot.html

exports[`Test SectionTitle Components > Should match the snapshot with default props 1`] = `
{
  "asFragment": [Function],
  "baseElement": <body>
    <div>
      <div
        class="MuiStack-root css-1rlitzi-MuiStack-root"
      >
        <div
          class="MuiAvatar-root MuiAvatar-rounded MuiAvatar-colorDefault css-1m0zkg3-MuiAvatar-root"
        >
          <svg
            aria-hidden="true"
            class="MuiSvgIcon-root MuiSvgIcon-fontSizeMedium-small css-821wyw-MuiSvgIcon-root"
            focusable="false"
            viewBox="0 0 24 24"
          >
            <path
              d="M15.51 2.83H8.49C6 2.83 5.45 4.07 5.13 5.59L4 11h16l-1.13-5.41c-.32-1.52-.87-2.76-3.36-2.76ZM21.99 19.82c.11 1.17-.83 2.18-2.03 2.18h-1.88c-1.08 0-1.23-.46-1.42-1.03l-.2-.6c-.28-.82-.46-1.37-1.9-1.37H9.44c-1.44 0-1.65.62-1.9 1.37l-.2.6C7.15 21.54 7 22 5.92 22H4.04c-1.2 0-2.14-1.01-2.03-2.18l.56-6.09C2.71 12.23 3 11 5.62 11h12.76c2.62 0 2.91 1.23 3.05 2.73l.56 6.09ZM4 8H3M21 8h-1M12 3v2M10.5 5h3M6 15h3M15 15h3"
              fill="none"
              stroke="currentColor"
              stroke-linecap="round"
              stroke-linejoin="round"
              stroke-width="1.5"
            />
          </svg>
        </div>
        <h5
          class="MuiTypography-root MuiTypography-h5 css-ag7rrr-MuiTypography-root"
        >
          FT 561 YC
        </h5>
      </div>
    </div>
  </body>,
  "container": <div>
    <div
      class="MuiStack-root css-1rlitzi-MuiStack-root"
    >
      <div
        class="MuiAvatar-root MuiAvatar-rounded MuiAvatar-colorDefault css-1m0zkg3-MuiAvatar-root"
      >
        <svg
          aria-hidden="true"
          class="MuiSvgIcon-root MuiSvgIcon-fontSizeMedium-small css-821wyw-MuiSvgIcon-root"
          focusable="false"
          viewBox="0 0 24 24"
        >
          <path
            d="M15.51 2.83H8.49C6 2.83 5.45 4.07 5.13 5.59L4 11h16l-1.13-5.41c-.32-1.52-.87-2.76-3.36-2.76ZM21.99 19.82c.11 1.17-.83 2.18-2.03 2.18h-1.88c-1.08 0-1.23-.46-1.42-1.03l-.2-.6c-.28-.82-.46-1.37-1.9-1.37H9.44c-1.44 0-1.65.62-1.9 1.37l-.2.6C7.15 21.54 7 22 5.92 22H4.04c-1.2 0-2.14-1.01-2.03-2.18l.56-6.09C2.71 12.23 3 11 5.62 11h12.76c2.62 0 2.91 1.23 3.05 2.73l.56 6.09ZM4 8H3M21 8h-1M12 3v2M10.5 5h3M6 15h3M15 15h3"
            fill="none"
            stroke="currentColor"
            stroke-linecap="round"
            stroke-linejoin="round"
            stroke-width="1.5"
          />
        </svg>
      </div>
      <h5
        class="MuiTypography-root MuiTypography-h5 css-ag7rrr-MuiTypography-root"
      >
        FT 561 YC
      </h5>
    </div>
  </div>,
  "debug": [Function],
  "findAllByAltText": [Function],
  "findAllByDisplayValue": [Function],
  "findAllByLabelText": [Function],
  "findAllByPlaceholderText": [Function],
  "findAllByRole": [Function],
  "findAllByTestId": [Function],
  "findAllByText": [Function],
  "findAllByTitle": [Function],
  "findByAltText": [Function],
  "findByDisplayValue": [Function],
  "findByLabelText": [Function],
  "findByPlaceholderText": [Function],
  "findByRole": [Function],
  "findByTestId": [Function],
  "findByText": [Function],
  "findByTitle": [Function],
  "getAllByAltText": [Function],
  "getAllByDisplayValue": [Function],
  "getAllByLabelText": [Function],
  "getAllByPlaceholderText": [Function],
  "getAllByRole": [Function],
  "getAllByTestId": [Function],
  "getAllByText": [Function],
  "getAllByTitle": [Function],
  "getByAltText": [Function],
  "getByDisplayValue": [Function],
  "getByLabelText": [Function],
  "getByPlaceholderText": [Function],
  "getByRole": [Function],
  "getByTestId": [Function],
  "getByText": [Function],
  "getByTitle": [Function],
  "queryAllByAltText": [Function],
  "queryAllByDisplayValue": [Function],
  "queryAllByLabelText": [Function],
  "queryAllByPlaceholderText": [Function],
  "queryAllByRole": [Function],
  "queryAllByTestId": [Function],
  "queryAllByText": [Function],
  "queryAllByTitle": [Function],
  "queryByAltText": [Function],
  "queryByDisplayValue": [Function],
  "queryByLabelText": [Function],
  "queryByPlaceholderText": [Function],
  "queryByRole": [Function],
  "queryByTestId": [Function],
  "queryByText": [Function],
  "queryByTitle": [Function],
  "rerender": [Function],
  "unmount": [Function],
}
`;
