// Vitest Snapshot v1, https://vitest.dev/guide/snapshot.html

exports[`Test ListItemAction Components > Should match the snapshot for loading 1`] = `
{
  "asFragment": [Function],
  "baseElement": <body>
    <div>
      <li
        class="MuiListItem-root MuiListItem-gutters MuiListItem-padding css-1gnbmyl-MuiListItem-root"
      >
        <div
          class="MuiListItemIcon-root css-cveggr-MuiListItemIcon-root"
        >
          <span
            class="MuiSkeleton-root MuiSkeleton-circular MuiSkeleton-pulse css-wkdwxb-MuiSkeleton-root"
            style="width: 40px; height: 40px;"
          />
        </div>
        <div
          class="MuiListItemText-root MuiListItemText-multiline css-konndc-MuiListItemText-root"
        >
          <span
            class="MuiSkeleton-root MuiSkeleton-text MuiSkeleton-pulse css-1e1x4vv-MuiSkeleton-root"
            style="width: 60%;"
          />
          <span
            class="MuiSkeleton-root MuiSkeleton-text MuiSkeleton-pulse css-1e1x4vv-MuiSkeleton-root"
            style="width: 40%;"
          />
          <span
            class="MuiSkeleton-root MuiSkeleton-text MuiSkeleton-pulse css-1e1x4vv-MuiSkeleton-root"
            style="width: 20%;"
          />
        </div>
      </li>
    </div>
  </body>,
  "container": <div>
    <li
      class="MuiListItem-root MuiListItem-gutters MuiListItem-padding css-1gnbmyl-MuiListItem-root"
    >
      <div
        class="MuiListItemIcon-root css-cveggr-MuiListItemIcon-root"
      >
        <span
          class="MuiSkeleton-root MuiSkeleton-circular MuiSkeleton-pulse css-wkdwxb-MuiSkeleton-root"
          style="width: 40px; height: 40px;"
        />
      </div>
      <div
        class="MuiListItemText-root MuiListItemText-multiline css-konndc-MuiListItemText-root"
      >
        <span
          class="MuiSkeleton-root MuiSkeleton-text MuiSkeleton-pulse css-1e1x4vv-MuiSkeleton-root"
          style="width: 60%;"
        />
        <span
          class="MuiSkeleton-root MuiSkeleton-text MuiSkeleton-pulse css-1e1x4vv-MuiSkeleton-root"
          style="width: 40%;"
        />
        <span
          class="MuiSkeleton-root MuiSkeleton-text MuiSkeleton-pulse css-1e1x4vv-MuiSkeleton-root"
          style="width: 20%;"
        />
      </div>
    </li>
  </div>,
  "debug": [Function],
  "findAllByAltText": [Function],
  "findAllByDisplayValue": [Function],
  "findAllByLabelText": [Function],
  "findAllByPlaceholderText": [Function],
  "findAllByRole": [Function],
  "findAllByTestId": [Function],
  "findAllByText": [Function],
  "findAllByTitle": [Function],
  "findByAltText": [Function],
  "findByDisplayValue": [Function],
  "findByLabelText": [Function],
  "findByPlaceholderText": [Function],
  "findByRole": [Function],
  "findByTestId": [Function],
  "findByText": [Function],
  "findByTitle": [Function],
  "getAllByAltText": [Function],
  "getAllByDisplayValue": [Function],
  "getAllByLabelText": [Function],
  "getAllByPlaceholderText": [Function],
  "getAllByRole": [Function],
  "getAllByTestId": [Function],
  "getAllByText": [Function],
  "getAllByTitle": [Function],
  "getByAltText": [Function],
  "getByDisplayValue": [Function],
  "getByLabelText": [Function],
  "getByPlaceholderText": [Function],
  "getByRole": [Function],
  "getByTestId": [Function],
  "getByText": [Function],
  "getByTitle": [Function],
  "queryAllByAltText": [Function],
  "queryAllByDisplayValue": [Function],
  "queryAllByLabelText": [Function],
  "queryAllByPlaceholderText": [Function],
  "queryAllByRole": [Function],
  "queryAllByTestId": [Function],
  "queryAllByText": [Function],
  "queryAllByTitle": [Function],
  "queryByAltText": [Function],
  "queryByDisplayValue": [Function],
  "queryByLabelText": [Function],
  "queryByPlaceholderText": [Function],
  "queryByRole": [Function],
  "queryByTestId": [Function],
  "queryByText": [Function],
  "queryByTitle": [Function],
  "rerender": [Function],
  "unmount": [Function],
}
`;

exports[`Test ListItemAction Components > Should match the snapshot with badges 1`] = `
{
  "asFragment": [Function],
  "baseElement": <body>
    <div>
      <div
        class="MuiButtonBase-root MuiListItemButton-root MuiListItemButton-gutters MuiListItemButton-root MuiListItemButton-gutters css-roezfy-MuiButtonBase-root-MuiListItemButton-root"
        role="button"
        tabindex="0"
      >
        <div
          class="MuiListItemIcon-root css-cveggr-MuiListItemIcon-root"
        >
          <svg
            aria-hidden="true"
            class="MuiSvgIcon-root MuiSvgIcon-fontSizeMedium css-i4bv87-MuiSvgIcon-root"
            focusable="false"
            viewBox="0 0 24 24"
          >
            <path
              d="M15.51 2.83H8.49C6 2.83 5.45 4.07 5.13 5.59L4 11h16l-1.13-5.41c-.32-1.52-.87-2.76-3.36-2.76ZM21.99 19.82c.11 1.17-.83 2.18-2.03 2.18h-1.88c-1.08 0-1.23-.46-1.42-1.03l-.2-.6c-.28-.82-.46-1.37-1.9-1.37H9.44c-1.44 0-1.65.62-1.9 1.37l-.2.6C7.15 21.54 7 22 5.92 22H4.04c-1.2 0-2.14-1.01-2.03-2.18l.56-6.09C2.71 12.23 3 11 5.62 11h12.76c2.62 0 2.91 1.23 3.05 2.73l.56 6.09ZM4 8H3M21 8h-1M12 3v2M10.5 5h3M6 15h3M15 15h3"
              fill="none"
              stroke="currentColor"
              stroke-linecap="round"
              stroke-linejoin="round"
              stroke-width="1.5"
            />
          </svg>
        </div>
        <div
          class="MuiListItemText-root MuiListItemText-multiline css-konndc-MuiListItemText-root"
        >
          <span
            class="MuiTypography-root MuiTypography-caption css-1sn4lm3-MuiTypography-root"
          >
            Autoveicolo
          </span>
          <h6
            class="MuiTypography-root MuiTypography-h6 css-14y9ogl-MuiTypography-root"
          >
            FT 561 YC
          </h6>
          <div
            class="MuiStack-root css-10k1dl5-MuiStack-root"
          >
            <div
              class="MuiChip-root MuiChip-filled MuiChip-sizeSmall MuiChip-colorSuccess MuiChip-filledSuccess css-txuvm7-MuiChip-root"
            >
              <svg
                aria-hidden="true"
                class="MuiSvgIcon-root MuiSvgIcon-fontSizeSmall MuiChip-icon MuiChip-iconSmall MuiChip-iconColorSuccess css-ptiqhd-MuiSvgIcon-root"
                focusable="false"
                viewBox="0 0 24 24"
              >
                <path
                  d="M12 2C6.49 2 2 6.49 2 12C2 17.51 6.49 22 12 22C17.51 22 22 17.51 22 12C22 6.49 17.51 2 12 2ZM16.78 9.7L11.11 15.37C10.97 15.51 10.78 15.59 10.58 15.59C10.38 15.59 10.19 15.51 10.05 15.37L7.22 12.54C6.93 12.25 6.93 11.77 7.22 11.48C7.51 11.19 7.99 11.19 8.28 11.48L10.58 13.78L15.72 8.64C16.01 8.35 16.49 8.35 16.78 8.64C17.07 8.93 17.07 9.4 16.78 9.7Z"
                  fill="currentColor"
                />
              </svg>
              <span
                class="MuiChip-label MuiChip-labelSmall css-wjsjww-MuiChip-label"
              >
                custom-label-test
              </span>
            </div>
          </div>
        </div>
        <svg
          aria-hidden="true"
          class="MuiSvgIcon-root MuiSvgIcon-fontSizeMedium css-i4bv87-MuiSvgIcon-root"
          data-testid="ArrowForwardIosIcon"
          focusable="false"
          viewBox="0 0 24 24"
        >
          <path
            d="M6.23 20.23 8 22l10-10L8 2 6.23 3.77 14.46 12z"
          />
        </svg>
        <span
          class="MuiTouchRipple-root css-8je8zh-MuiTouchRipple-root"
        />
      </div>
    </div>
  </body>,
  "container": <div>
    <div
      class="MuiButtonBase-root MuiListItemButton-root MuiListItemButton-gutters MuiListItemButton-root MuiListItemButton-gutters css-roezfy-MuiButtonBase-root-MuiListItemButton-root"
      role="button"
      tabindex="0"
    >
      <div
        class="MuiListItemIcon-root css-cveggr-MuiListItemIcon-root"
      >
        <svg
          aria-hidden="true"
          class="MuiSvgIcon-root MuiSvgIcon-fontSizeMedium css-i4bv87-MuiSvgIcon-root"
          focusable="false"
          viewBox="0 0 24 24"
        >
          <path
            d="M15.51 2.83H8.49C6 2.83 5.45 4.07 5.13 5.59L4 11h16l-1.13-5.41c-.32-1.52-.87-2.76-3.36-2.76ZM21.99 19.82c.11 1.17-.83 2.18-2.03 2.18h-1.88c-1.08 0-1.23-.46-1.42-1.03l-.2-.6c-.28-.82-.46-1.37-1.9-1.37H9.44c-1.44 0-1.65.62-1.9 1.37l-.2.6C7.15 21.54 7 22 5.92 22H4.04c-1.2 0-2.14-1.01-2.03-2.18l.56-6.09C2.71 12.23 3 11 5.62 11h12.76c2.62 0 2.91 1.23 3.05 2.73l.56 6.09ZM4 8H3M21 8h-1M12 3v2M10.5 5h3M6 15h3M15 15h3"
            fill="none"
            stroke="currentColor"
            stroke-linecap="round"
            stroke-linejoin="round"
            stroke-width="1.5"
          />
        </svg>
      </div>
      <div
        class="MuiListItemText-root MuiListItemText-multiline css-konndc-MuiListItemText-root"
      >
        <span
          class="MuiTypography-root MuiTypography-caption css-1sn4lm3-MuiTypography-root"
        >
          Autoveicolo
        </span>
        <h6
          class="MuiTypography-root MuiTypography-h6 css-14y9ogl-MuiTypography-root"
        >
          FT 561 YC
        </h6>
        <div
          class="MuiStack-root css-10k1dl5-MuiStack-root"
        >
          <div
            class="MuiChip-root MuiChip-filled MuiChip-sizeSmall MuiChip-colorSuccess MuiChip-filledSuccess css-txuvm7-MuiChip-root"
          >
            <svg
              aria-hidden="true"
              class="MuiSvgIcon-root MuiSvgIcon-fontSizeSmall MuiChip-icon MuiChip-iconSmall MuiChip-iconColorSuccess css-ptiqhd-MuiSvgIcon-root"
              focusable="false"
              viewBox="0 0 24 24"
            >
              <path
                d="M12 2C6.49 2 2 6.49 2 12C2 17.51 6.49 22 12 22C17.51 22 22 17.51 22 12C22 6.49 17.51 2 12 2ZM16.78 9.7L11.11 15.37C10.97 15.51 10.78 15.59 10.58 15.59C10.38 15.59 10.19 15.51 10.05 15.37L7.22 12.54C6.93 12.25 6.93 11.77 7.22 11.48C7.51 11.19 7.99 11.19 8.28 11.48L10.58 13.78L15.72 8.64C16.01 8.35 16.49 8.35 16.78 8.64C17.07 8.93 17.07 9.4 16.78 9.7Z"
                fill="currentColor"
              />
            </svg>
            <span
              class="MuiChip-label MuiChip-labelSmall css-wjsjww-MuiChip-label"
            >
              custom-label-test
            </span>
          </div>
        </div>
      </div>
      <svg
        aria-hidden="true"
        class="MuiSvgIcon-root MuiSvgIcon-fontSizeMedium css-i4bv87-MuiSvgIcon-root"
        data-testid="ArrowForwardIosIcon"
        focusable="false"
        viewBox="0 0 24 24"
      >
        <path
          d="M6.23 20.23 8 22l10-10L8 2 6.23 3.77 14.46 12z"
        />
      </svg>
      <span
        class="MuiTouchRipple-root css-8je8zh-MuiTouchRipple-root"
      />
    </div>
  </div>,
  "debug": [Function],
  "findAllByAltText": [Function],
  "findAllByDisplayValue": [Function],
  "findAllByLabelText": [Function],
  "findAllByPlaceholderText": [Function],
  "findAllByRole": [Function],
  "findAllByTestId": [Function],
  "findAllByText": [Function],
  "findAllByTitle": [Function],
  "findByAltText": [Function],
  "findByDisplayValue": [Function],
  "findByLabelText": [Function],
  "findByPlaceholderText": [Function],
  "findByRole": [Function],
  "findByTestId": [Function],
  "findByText": [Function],
  "findByTitle": [Function],
  "getAllByAltText": [Function],
  "getAllByDisplayValue": [Function],
  "getAllByLabelText": [Function],
  "getAllByPlaceholderText": [Function],
  "getAllByRole": [Function],
  "getAllByTestId": [Function],
  "getAllByText": [Function],
  "getAllByTitle": [Function],
  "getByAltText": [Function],
  "getByDisplayValue": [Function],
  "getByLabelText": [Function],
  "getByPlaceholderText": [Function],
  "getByRole": [Function],
  "getByTestId": [Function],
  "getByText": [Function],
  "getByTitle": [Function],
  "queryAllByAltText": [Function],
  "queryAllByDisplayValue": [Function],
  "queryAllByLabelText": [Function],
  "queryAllByPlaceholderText": [Function],
  "queryAllByRole": [Function],
  "queryAllByTestId": [Function],
  "queryAllByText": [Function],
  "queryAllByTitle": [Function],
  "queryByAltText": [Function],
  "queryByDisplayValue": [Function],
  "queryByLabelText": [Function],
  "queryByPlaceholderText": [Function],
  "queryByRole": [Function],
  "queryByTestId": [Function],
  "queryByText": [Function],
  "queryByTitle": [Function],
  "rerender": [Function],
  "unmount": [Function],
}
`;

exports[`Test ListItemAction Components > Should match the snapshot with default props 1`] = `
{
  "asFragment": [Function],
  "baseElement": <body>
    <div>
      <div
        class="MuiButtonBase-root MuiListItemButton-root MuiListItemButton-gutters MuiListItemButton-root MuiListItemButton-gutters css-roezfy-MuiButtonBase-root-MuiListItemButton-root"
        role="button"
        tabindex="0"
      >
        <div
          class="MuiListItemIcon-root css-cveggr-MuiListItemIcon-root"
        >
          <svg
            aria-hidden="true"
            class="MuiSvgIcon-root MuiSvgIcon-fontSizeMedium css-i4bv87-MuiSvgIcon-root"
            focusable="false"
            viewBox="0 0 24 24"
          >
            <path
              d="M15.51 2.83H8.49C6 2.83 5.45 4.07 5.13 5.59L4 11h16l-1.13-5.41c-.32-1.52-.87-2.76-3.36-2.76ZM21.99 19.82c.11 1.17-.83 2.18-2.03 2.18h-1.88c-1.08 0-1.23-.46-1.42-1.03l-.2-.6c-.28-.82-.46-1.37-1.9-1.37H9.44c-1.44 0-1.65.62-1.9 1.37l-.2.6C7.15 21.54 7 22 5.92 22H4.04c-1.2 0-2.14-1.01-2.03-2.18l.56-6.09C2.71 12.23 3 11 5.62 11h12.76c2.62 0 2.91 1.23 3.05 2.73l.56 6.09ZM4 8H3M21 8h-1M12 3v2M10.5 5h3M6 15h3M15 15h3"
              fill="none"
              stroke="currentColor"
              stroke-linecap="round"
              stroke-linejoin="round"
              stroke-width="1.5"
            />
          </svg>
        </div>
        <div
          class="MuiListItemText-root MuiListItemText-multiline css-konndc-MuiListItemText-root"
        >
          <span
            class="MuiTypography-root MuiTypography-caption css-1sn4lm3-MuiTypography-root"
          >
            Autoveicolo
          </span>
          <h6
            class="MuiTypography-root MuiTypography-h6 css-14y9ogl-MuiTypography-root"
          >
            FT 561 YC
          </h6>
          <div
            class="MuiStack-root css-10k1dl5-MuiStack-root"
          />
        </div>
        <svg
          aria-hidden="true"
          class="MuiSvgIcon-root MuiSvgIcon-fontSizeMedium css-i4bv87-MuiSvgIcon-root"
          data-testid="ArrowForwardIosIcon"
          focusable="false"
          viewBox="0 0 24 24"
        >
          <path
            d="M6.23 20.23 8 22l10-10L8 2 6.23 3.77 14.46 12z"
          />
        </svg>
        <span
          class="MuiTouchRipple-root css-8je8zh-MuiTouchRipple-root"
        />
      </div>
    </div>
  </body>,
  "container": <div>
    <div
      class="MuiButtonBase-root MuiListItemButton-root MuiListItemButton-gutters MuiListItemButton-root MuiListItemButton-gutters css-roezfy-MuiButtonBase-root-MuiListItemButton-root"
      role="button"
      tabindex="0"
    >
      <div
        class="MuiListItemIcon-root css-cveggr-MuiListItemIcon-root"
      >
        <svg
          aria-hidden="true"
          class="MuiSvgIcon-root MuiSvgIcon-fontSizeMedium css-i4bv87-MuiSvgIcon-root"
          focusable="false"
          viewBox="0 0 24 24"
        >
          <path
            d="M15.51 2.83H8.49C6 2.83 5.45 4.07 5.13 5.59L4 11h16l-1.13-5.41c-.32-1.52-.87-2.76-3.36-2.76ZM21.99 19.82c.11 1.17-.83 2.18-2.03 2.18h-1.88c-1.08 0-1.23-.46-1.42-1.03l-.2-.6c-.28-.82-.46-1.37-1.9-1.37H9.44c-1.44 0-1.65.62-1.9 1.37l-.2.6C7.15 21.54 7 22 5.92 22H4.04c-1.2 0-2.14-1.01-2.03-2.18l.56-6.09C2.71 12.23 3 11 5.62 11h12.76c2.62 0 2.91 1.23 3.05 2.73l.56 6.09ZM4 8H3M21 8h-1M12 3v2M10.5 5h3M6 15h3M15 15h3"
            fill="none"
            stroke="currentColor"
            stroke-linecap="round"
            stroke-linejoin="round"
            stroke-width="1.5"
          />
        </svg>
      </div>
      <div
        class="MuiListItemText-root MuiListItemText-multiline css-konndc-MuiListItemText-root"
      >
        <span
          class="MuiTypography-root MuiTypography-caption css-1sn4lm3-MuiTypography-root"
        >
          Autoveicolo
        </span>
        <h6
          class="MuiTypography-root MuiTypography-h6 css-14y9ogl-MuiTypography-root"
        >
          FT 561 YC
        </h6>
        <div
          class="MuiStack-root css-10k1dl5-MuiStack-root"
        />
      </div>
      <svg
        aria-hidden="true"
        class="MuiSvgIcon-root MuiSvgIcon-fontSizeMedium css-i4bv87-MuiSvgIcon-root"
        data-testid="ArrowForwardIosIcon"
        focusable="false"
        viewBox="0 0 24 24"
      >
        <path
          d="M6.23 20.23 8 22l10-10L8 2 6.23 3.77 14.46 12z"
        />
      </svg>
      <span
        class="MuiTouchRipple-root css-8je8zh-MuiTouchRipple-root"
      />
    </div>
  </div>,
  "debug": [Function],
  "findAllByAltText": [Function],
  "findAllByDisplayValue": [Function],
  "findAllByLabelText": [Function],
  "findAllByPlaceholderText": [Function],
  "findAllByRole": [Function],
  "findAllByTestId": [Function],
  "findAllByText": [Function],
  "findAllByTitle": [Function],
  "findByAltText": [Function],
  "findByDisplayValue": [Function],
  "findByLabelText": [Function],
  "findByPlaceholderText": [Function],
  "findByRole": [Function],
  "findByTestId": [Function],
  "findByText": [Function],
  "findByTitle": [Function],
  "getAllByAltText": [Function],
  "getAllByDisplayValue": [Function],
  "getAllByLabelText": [Function],
  "getAllByPlaceholderText": [Function],
  "getAllByRole": [Function],
  "getAllByTestId": [Function],
  "getAllByText": [Function],
  "getAllByTitle": [Function],
  "getByAltText": [Function],
  "getByDisplayValue": [Function],
  "getByLabelText": [Function],
  "getByPlaceholderText": [Function],
  "getByRole": [Function],
  "getByTestId": [Function],
  "getByText": [Function],
  "getByTitle": [Function],
  "queryAllByAltText": [Function],
  "queryAllByDisplayValue": [Function],
  "queryAllByLabelText": [Function],
  "queryAllByPlaceholderText": [Function],
  "queryAllByRole": [Function],
  "queryAllByTestId": [Function],
  "queryAllByText": [Function],
  "queryAllByTitle": [Function],
  "queryByAltText": [Function],
  "queryByDisplayValue": [Function],
  "queryByLabelText": [Function],
  "queryByPlaceholderText": [Function],
  "queryByRole": [Function],
  "queryByTestId": [Function],
  "queryByText": [Function],
  "queryByTitle": [Function],
  "rerender": [Function],
  "unmount": [Function],
}
`;
