// Vitest Snapshot v1, https://vitest.dev/guide/snapshot.html

exports[`Test ConsentView Component > Should match the snapshot with all props 1`] = `
{
  "asFragment": [Function],
  "baseElement": <body>
    <div>
      <div
        class="MuiBox-root css-1kdy0wu"
      >
        <div
          class="MuiBox-root css-4z6nar"
        >
          <div
            class="MuiStack-root css-h4grc4-MuiStack-root"
          >
            <h5
              class="MuiTypography-root MuiTypography-h5 css-bezmlo-MuiTypography-root"
            >
              title
            </h5>
            <p
              class="MuiTypography-root MuiTypography-body2 css-e784if-MuiTypography-root"
            >
              <span>
                description
              </span>
            </p>
            <div
              class="MuiStack-root css-1etjgou-MuiStack-root"
            >
              <span
                class="MuiTypography-root MuiTypography-overline css-b3fch5-MuiTypography-root"
              >
                required-data-title
              </span>
              <div
                class="MuiStack-root css-1tscs96-MuiStack-root"
              >
                <p
                  class="MuiTypography-root MuiTypography-body2 css-hoiwr4-MuiTypography-root"
                >
                  required-data-1
                </p>
                <svg
                  aria-hidden="true"
                  class="MuiSvgIcon-root MuiSvgIcon-fontSizeMedium css-i4bv87-MuiSvgIcon-root"
                  data-testid="CheckIcon"
                  focusable="false"
                  viewBox="0 0 24 24"
                >
                  <path
                    d="M9 16.17 4.83 12l-1.42 1.41L9 19 21 7l-1.41-1.41z"
                  />
                </svg>
              </div>
              <div
                class="MuiStack-root css-1tscs96-MuiStack-root"
              >
                <p
                  class="MuiTypography-root MuiTypography-body2 css-hoiwr4-MuiTypography-root"
                >
                  required-data-2
                </p>
                <svg
                  aria-hidden="true"
                  class="MuiSvgIcon-root MuiSvgIcon-fontSizeMedium css-i4bv87-MuiSvgIcon-root"
                  data-testid="CheckIcon"
                  focusable="false"
                  viewBox="0 0 24 24"
                >
                  <path
                    d="M9 16.17 4.83 12l-1.42 1.41L9 19 21 7l-1.41-1.41z"
                  />
                </svg>
              </div>
              <div
                class="MuiStack-root css-1tscs96-MuiStack-root"
              >
                <p
                  class="MuiTypography-root MuiTypography-body2 css-hoiwr4-MuiTypography-root"
                >
                  required-data-3
                </p>
                <svg
                  aria-hidden="true"
                  class="MuiSvgIcon-root MuiSvgIcon-fontSizeMedium css-i4bv87-MuiSvgIcon-root"
                  data-testid="CheckIcon"
                  focusable="false"
                  viewBox="0 0 24 24"
                >
                  <path
                    d="M9 16.17 4.83 12l-1.42 1.41L9 19 21 7l-1.41-1.41z"
                  />
                </svg>
              </div>
            </div>
            <p
              class="MuiTypography-root MuiTypography-body1 css-dkseb6-MuiTypography-root"
            >
              <span>
                more-info-text
              </span>
            </p>
          </div>
        </div>
        <div
          class="MuiBox-root css-1ap3phj"
        >
          <div
            class="MuiStack-root css-54e9ld-MuiStack-root"
          >
            <button
              class="MuiButtonBase-root MuiButton-root MuiButton-contained MuiButton-containedPrimary MuiButton-sizeMedium MuiButton-containedSizeMedium MuiButton-colorPrimary MuiButton-root MuiButton-contained MuiButton-containedPrimary MuiButton-sizeMedium MuiButton-containedSizeMedium MuiButton-colorPrimary css-sghohy-MuiButtonBase-root-MuiButton-root"
              tabindex="0"
              type="button"
            >
              consent-label
              <span
                class="MuiTouchRipple-root css-8je8zh-MuiTouchRipple-root"
              />
            </button>
            <button
              class="MuiButtonBase-root MuiButton-root MuiButton-text MuiButton-textPrimary MuiButton-sizeMedium MuiButton-textSizeMedium MuiButton-colorPrimary MuiButton-root MuiButton-text MuiButton-textPrimary MuiButton-sizeMedium MuiButton-textSizeMedium MuiButton-colorPrimary css-1e6y48t-MuiButtonBase-root-MuiButton-root"
              tabindex="0"
              type="button"
            >
              dissent-label
              <span
                class="MuiTouchRipple-root css-8je8zh-MuiTouchRipple-root"
              />
            </button>
          </div>
        </div>
      </div>
    </div>
  </body>,
  "container": <div>
    <div
      class="MuiBox-root css-1kdy0wu"
    >
      <div
        class="MuiBox-root css-4z6nar"
      >
        <div
          class="MuiStack-root css-h4grc4-MuiStack-root"
        >
          <h5
            class="MuiTypography-root MuiTypography-h5 css-bezmlo-MuiTypography-root"
          >
            title
          </h5>
          <p
            class="MuiTypography-root MuiTypography-body2 css-e784if-MuiTypography-root"
          >
            <span>
              description
            </span>
          </p>
          <div
            class="MuiStack-root css-1etjgou-MuiStack-root"
          >
            <span
              class="MuiTypography-root MuiTypography-overline css-b3fch5-MuiTypography-root"
            >
              required-data-title
            </span>
            <div
              class="MuiStack-root css-1tscs96-MuiStack-root"
            >
              <p
                class="MuiTypography-root MuiTypography-body2 css-hoiwr4-MuiTypography-root"
              >
                required-data-1
              </p>
              <svg
                aria-hidden="true"
                class="MuiSvgIcon-root MuiSvgIcon-fontSizeMedium css-i4bv87-MuiSvgIcon-root"
                data-testid="CheckIcon"
                focusable="false"
                viewBox="0 0 24 24"
              >
                <path
                  d="M9 16.17 4.83 12l-1.42 1.41L9 19 21 7l-1.41-1.41z"
                />
              </svg>
            </div>
            <div
              class="MuiStack-root css-1tscs96-MuiStack-root"
            >
              <p
                class="MuiTypography-root MuiTypography-body2 css-hoiwr4-MuiTypography-root"
              >
                required-data-2
              </p>
              <svg
                aria-hidden="true"
                class="MuiSvgIcon-root MuiSvgIcon-fontSizeMedium css-i4bv87-MuiSvgIcon-root"
                data-testid="CheckIcon"
                focusable="false"
                viewBox="0 0 24 24"
              >
                <path
                  d="M9 16.17 4.83 12l-1.42 1.41L9 19 21 7l-1.41-1.41z"
                />
              </svg>
            </div>
            <div
              class="MuiStack-root css-1tscs96-MuiStack-root"
            >
              <p
                class="MuiTypography-root MuiTypography-body2 css-hoiwr4-MuiTypography-root"
              >
                required-data-3
              </p>
              <svg
                aria-hidden="true"
                class="MuiSvgIcon-root MuiSvgIcon-fontSizeMedium css-i4bv87-MuiSvgIcon-root"
                data-testid="CheckIcon"
                focusable="false"
                viewBox="0 0 24 24"
              >
                <path
                  d="M9 16.17 4.83 12l-1.42 1.41L9 19 21 7l-1.41-1.41z"
                />
              </svg>
            </div>
          </div>
          <p
            class="MuiTypography-root MuiTypography-body1 css-dkseb6-MuiTypography-root"
          >
            <span>
              more-info-text
            </span>
          </p>
        </div>
      </div>
      <div
        class="MuiBox-root css-1ap3phj"
      >
        <div
          class="MuiStack-root css-54e9ld-MuiStack-root"
        >
          <button
            class="MuiButtonBase-root MuiButton-root MuiButton-contained MuiButton-containedPrimary MuiButton-sizeMedium MuiButton-containedSizeMedium MuiButton-colorPrimary MuiButton-root MuiButton-contained MuiButton-containedPrimary MuiButton-sizeMedium MuiButton-containedSizeMedium MuiButton-colorPrimary css-sghohy-MuiButtonBase-root-MuiButton-root"
            tabindex="0"
            type="button"
          >
            consent-label
            <span
              class="MuiTouchRipple-root css-8je8zh-MuiTouchRipple-root"
            />
          </button>
          <button
            class="MuiButtonBase-root MuiButton-root MuiButton-text MuiButton-textPrimary MuiButton-sizeMedium MuiButton-textSizeMedium MuiButton-colorPrimary MuiButton-root MuiButton-text MuiButton-textPrimary MuiButton-sizeMedium MuiButton-textSizeMedium MuiButton-colorPrimary css-1e6y48t-MuiButtonBase-root-MuiButton-root"
            tabindex="0"
            type="button"
          >
            dissent-label
            <span
              class="MuiTouchRipple-root css-8je8zh-MuiTouchRipple-root"
            />
          </button>
        </div>
      </div>
    </div>
  </div>,
  "debug": [Function],
  "findAllByAltText": [Function],
  "findAllByDisplayValue": [Function],
  "findAllByLabelText": [Function],
  "findAllByPlaceholderText": [Function],
  "findAllByRole": [Function],
  "findAllByTestId": [Function],
  "findAllByText": [Function],
  "findAllByTitle": [Function],
  "findByAltText": [Function],
  "findByDisplayValue": [Function],
  "findByLabelText": [Function],
  "findByPlaceholderText": [Function],
  "findByRole": [Function],
  "findByTestId": [Function],
  "findByText": [Function],
  "findByTitle": [Function],
  "getAllByAltText": [Function],
  "getAllByDisplayValue": [Function],
  "getAllByLabelText": [Function],
  "getAllByPlaceholderText": [Function],
  "getAllByRole": [Function],
  "getAllByTestId": [Function],
  "getAllByText": [Function],
  "getAllByTitle": [Function],
  "getByAltText": [Function],
  "getByDisplayValue": [Function],
  "getByLabelText": [Function],
  "getByPlaceholderText": [Function],
  "getByRole": [Function],
  "getByTestId": [Function],
  "getByText": [Function],
  "getByTitle": [Function],
  "queryAllByAltText": [Function],
  "queryAllByDisplayValue": [Function],
  "queryAllByLabelText": [Function],
  "queryAllByPlaceholderText": [Function],
  "queryAllByRole": [Function],
  "queryAllByTestId": [Function],
  "queryAllByText": [Function],
  "queryAllByTitle": [Function],
  "queryByAltText": [Function],
  "queryByDisplayValue": [Function],
  "queryByLabelText": [Function],
  "queryByPlaceholderText": [Function],
  "queryByRole": [Function],
  "queryByTestId": [Function],
  "queryByText": [Function],
  "queryByTitle": [Function],
  "rerender": [Function],
  "unmount": [Function],
}
`;
